<?xml version="1.0" encoding="UTF-8"?>
<TestRun id="7049949d-d36d-4309-85f1-18d9a89977eb" name="talbaer@EXSL78007 2010-11-08 16:56:00" runUser="ICONOS\talbaer" xmlns="http://microsoft.com/schemas/VisualStudio/TeamTest/2010">
  <TestSettings name="Local" id="efabca74-4cef-4eff-90d1-fc170b2b93fe">
    <Description>These are default test settings for a local test run.</Description>
    <Deployment enabled="false" runDeploymentRoot="talbaer_EXSL78007 2010-11-08 16_56_00" />
    <Execution>
      <TestTypeSpecific />
      <AgentRule name="Execution Agents">
      </AgentRule>
    </Execution>
  </TestSettings>
  <Times creation="2010-11-08T16:56:00.1658118+01:00" queuing="2010-11-08T16:56:00.2078142+01:00" start="2010-11-08T16:56:00.2158147+01:00" finish="2010-11-08T16:56:01.1128660+01:00" />
  <ResultSummary outcome="Completed">
    <Counters total="10" executed="10" passed="10" error="0" failed="0" timeout="0" aborted="0" inconclusive="0" passedButRunAborted="0" notRunnable="0" notExecuted="0" disconnected="0" warning="0" completed="0" inProgress="0" pending="0" />
  </ResultSummary>
  <TestDefinitions>
    <UnitTest name="AQueueWithTwoItems_AfterFirstDequeue_ShouldNotBeEmpty" storage="c:\users\talbaer\documents\visual studio 2010\projects\queue\queue\bin\debug\queuebehavior.dll" id="7a2cc7d0-9e4a-2aec-8855-f17571804236">
      <Execution id="3e1e3d90-fa4d-4e23-9f39-10d4f1f7c673" />
      <TestMethod codeBase="C:/Users/talbaer/Documents/Visual Studio 2010/Projects/Queue/Queue/bin/Debug/QueueBehavior.DLL" adapterTypeName="Microsoft.VisualStudio.TestTools.TestTypes.Unit.UnitTestAdapter, Microsoft.VisualStudio.QualityTools.Tips.UnitTest.Adapter, Version=10.0.0.0, Culture=neutral, PublicKeyToken=b03f5f7f11d50a3a" className="QueueBehavior.QueueTests, QueueBehavior, Version=1.0.0.0, Culture=neutral, PublicKeyToken=null" name="AQueueWithTwoItems_AfterFirstDequeue_ShouldNotBeEmpty" />
    </UnitTest>
    <UnitTest name="AQueueWithOneItem_DequeueShouldReturnTheItem" storage="c:\users\talbaer\documents\visual studio 2010\projects\queue\queue\bin\debug\queuebehavior.dll" id="3083bc32-b243-52cb-86ac-afa7d1f702c6">
      <Execution id="02edc765-8c57-43ad-b684-d28857d84bf7" />
      <TestMethod codeBase="C:/Users/talbaer/Documents/Visual Studio 2010/Projects/Queue/Queue/bin/Debug/QueueBehavior.DLL" adapterTypeName="Microsoft.VisualStudio.TestTools.TestTypes.Unit.UnitTestAdapter, Microsoft.VisualStudio.QualityTools.Tips.UnitTest.Adapter, Version=10.0.0.0, Culture=neutral, PublicKeyToken=b03f5f7f11d50a3a" className="QueueBehavior.QueueTests, QueueBehavior, Version=1.0.0.0, Culture=neutral, PublicKeyToken=null" name="AQueueWithOneItem_DequeueShouldReturnTheItem" />
    </UnitTest>
    <UnitTest name="NewQueueShouldBeAbleToEnqueueItems" storage="c:\users\talbaer\documents\visual studio 2010\projects\queue\queue\bin\debug\queuebehavior.dll" id="1b89d63c-02df-85c6-6cb4-2bf505946bc5">
      <Execution id="a15e0ccb-f254-40e5-b351-fd77cecead4a" />
      <TestMethod codeBase="C:/Users/talbaer/Documents/Visual Studio 2010/Projects/Queue/Queue/bin/Debug/QueueBehavior.DLL" adapterTypeName="Microsoft.VisualStudio.TestTools.TestTypes.Unit.UnitTestAdapter, Microsoft.VisualStudio.QualityTools.Tips.UnitTest.Adapter, Version=10.0.0.0, Culture=neutral, PublicKeyToken=b03f5f7f11d50a3a" className="QueueBehavior.QueueTests, QueueBehavior, Version=1.0.0.0, Culture=neutral, PublicKeyToken=null" name="NewQueueShouldBeAbleToEnqueueItems" />
    </UnitTest>
    <UnitTest name="NewQueueShouldBeEmpty" storage="c:\users\talbaer\documents\visual studio 2010\projects\queue\queue\bin\debug\queuebehavior.dll" id="5390761e-f4e7-72d0-1f79-0ff7571f7466">
      <Execution id="c5471813-0da4-4936-90f9-f4849b5648a3" />
      <TestMethod codeBase="C:/Users/talbaer/Documents/Visual Studio 2010/Projects/Queue/Queue/bin/Debug/QueueBehavior.DLL" adapterTypeName="Microsoft.VisualStudio.TestTools.TestTypes.Unit.UnitTestAdapter, Microsoft.VisualStudio.QualityTools.Tips.UnitTest.Adapter, Version=10.0.0.0, Culture=neutral, PublicKeyToken=b03f5f7f11d50a3a" className="QueueBehavior.QueueTests, QueueBehavior, Version=1.0.0.0, Culture=neutral, PublicKeyToken=null" name="NewQueueShouldBeEmpty" />
    </UnitTest>
    <UnitTest name="AQueueWithOneItemShouldNotBeEmpty" storage="c:\users\talbaer\documents\visual studio 2010\projects\queue\queue\bin\debug\queuebehavior.dll" id="9bf54e85-f8f9-f66b-8246-5c2b4fabe865">
      <Execution id="1bec6727-d6d1-4d4a-8bb9-0d2069d342ec" />
      <TestMethod codeBase="C:/Users/talbaer/Documents/Visual Studio 2010/Projects/Queue/Queue/bin/Debug/QueueBehavior.DLL" adapterTypeName="Microsoft.VisualStudio.TestTools.TestTypes.Unit.UnitTestAdapter, Microsoft.VisualStudio.QualityTools.Tips.UnitTest.Adapter, Version=10.0.0.0, Culture=neutral, PublicKeyToken=b03f5f7f11d50a3a" className="QueueBehavior.QueueTests, QueueBehavior, Version=1.0.0.0, Culture=neutral, PublicKeyToken=null" name="AQueueWithOneItemShouldNotBeEmpty" />
    </UnitTest>
    <UnitTest name="NewQueueRaisesExceptionOnDequeue" storage="c:\users\talbaer\documents\visual studio 2010\projects\queue\queue\bin\debug\queuebehavior.dll" id="8b31410c-8da2-034c-fac4-c9abc6dc61ca">
      <Execution id="f702fdfc-f3f9-4d94-b45d-d68956970cef" />
      <TestMethod codeBase="C:/Users/talbaer/Documents/Visual Studio 2010/Projects/Queue/Queue/bin/Debug/QueueBehavior.DLL" adapterTypeName="Microsoft.VisualStudio.TestTools.TestTypes.Unit.UnitTestAdapter, Microsoft.VisualStudio.QualityTools.Tips.UnitTest.Adapter, Version=10.0.0.0, Culture=neutral, PublicKeyToken=b03f5f7f11d50a3a" className="QueueBehavior.QueueTests, QueueBehavior, Version=1.0.0.0, Culture=neutral, PublicKeyToken=null" name="NewQueueRaisesExceptionOnDequeue" />
    </UnitTest>
    <UnitTest name="AQueueWithOneItem_AfterDequeueItShouldBeEmpty" storage="c:\users\talbaer\documents\visual studio 2010\projects\queue\queue\bin\debug\queuebehavior.dll" id="3f350ca0-8d2b-6db1-3722-22f5a4805299">
      <Execution id="f103372a-2758-48ea-9956-2f17ad8f80fa" />
      <TestMethod codeBase="C:/Users/talbaer/Documents/Visual Studio 2010/Projects/Queue/Queue/bin/Debug/QueueBehavior.DLL" adapterTypeName="Microsoft.VisualStudio.TestTools.TestTypes.Unit.UnitTestAdapter, Microsoft.VisualStudio.QualityTools.Tips.UnitTest.Adapter, Version=10.0.0.0, Culture=neutral, PublicKeyToken=b03f5f7f11d50a3a" className="QueueBehavior.QueueTests, QueueBehavior, Version=1.0.0.0, Culture=neutral, PublicKeyToken=null" name="AQueueWithOneItem_AfterDequeueItShouldBeEmpty" />
    </UnitTest>
    <UnitTest name="AQueueWithTwoItemsShouldNotBeEmpty" storage="c:\users\talbaer\documents\visual studio 2010\projects\queue\queue\bin\debug\queuebehavior.dll" id="09095067-82d1-cf31-1174-ca4966a22b1f">
      <Execution id="f3cad4b7-2a12-4a3a-b44a-764322f9e591" />
      <TestMethod codeBase="C:/Users/talbaer/Documents/Visual Studio 2010/Projects/Queue/Queue/bin/Debug/QueueBehavior.DLL" adapterTypeName="Microsoft.VisualStudio.TestTools.TestTypes.Unit.UnitTestAdapter, Microsoft.VisualStudio.QualityTools.Tips.UnitTest.Adapter, Version=10.0.0.0, Culture=neutral, PublicKeyToken=b03f5f7f11d50a3a" className="QueueBehavior.QueueTests, QueueBehavior, Version=1.0.0.0, Culture=neutral, PublicKeyToken=null" name="AQueueWithTwoItemsShouldNotBeEmpty" />
    </UnitTest>
    <UnitTest name="AQueueWithTwoItems_FirstDequeueShouldReturnFirstItemEnqueued" storage="c:\users\talbaer\documents\visual studio 2010\projects\queue\queue\bin\debug\queuebehavior.dll" id="0af88539-60e8-7320-4393-62ec37fe399f">
      <Execution id="a22bf08c-f5a2-464e-a062-e61c93249d95" />
      <TestMethod codeBase="C:/Users/talbaer/Documents/Visual Studio 2010/Projects/Queue/Queue/bin/Debug/QueueBehavior.DLL" adapterTypeName="Microsoft.VisualStudio.TestTools.TestTypes.Unit.UnitTestAdapter, Microsoft.VisualStudio.QualityTools.Tips.UnitTest.Adapter, Version=10.0.0.0, Culture=neutral, PublicKeyToken=b03f5f7f11d50a3a" className="QueueBehavior.QueueTests, QueueBehavior, Version=1.0.0.0, Culture=neutral, PublicKeyToken=null" name="AQueueWithTwoItems_FirstDequeueShouldReturnFirstItemEnqueued" />
    </UnitTest>
    <UnitTest name="AQueueWithTwoItems_SecondDequeueShouldReturnSecondItemEnqueued" storage="c:\users\talbaer\documents\visual studio 2010\projects\queue\queue\bin\debug\queuebehavior.dll" id="e454d995-e742-f709-6dc7-80d89e1f7424">
      <Execution id="be2df282-c866-4c12-ab23-480b3c56a856" />
      <TestMethod codeBase="C:/Users/talbaer/Documents/Visual Studio 2010/Projects/Queue/Queue/bin/Debug/QueueBehavior.DLL" adapterTypeName="Microsoft.VisualStudio.TestTools.TestTypes.Unit.UnitTestAdapter, Microsoft.VisualStudio.QualityTools.Tips.UnitTest.Adapter, Version=10.0.0.0, Culture=neutral, PublicKeyToken=b03f5f7f11d50a3a" className="QueueBehavior.QueueTests, QueueBehavior, Version=1.0.0.0, Culture=neutral, PublicKeyToken=null" name="AQueueWithTwoItems_SecondDequeueShouldReturnSecondItemEnqueued" />
    </UnitTest>
  </TestDefinitions>
  <TestLists>
    <TestList name="Results Not in a List" id="8c84fa94-04c1-424b-9868-57a2d4851a1d" />
    <TestList name="All Loaded Results" id="19431567-8539-422a-85d7-44ee4e166bda" />
  </TestLists>
  <TestEntries>
    <TestEntry testId="5390761e-f4e7-72d0-1f79-0ff7571f7466" executionId="c5471813-0da4-4936-90f9-f4849b5648a3" testListId="8c84fa94-04c1-424b-9868-57a2d4851a1d" />
    <TestEntry testId="8b31410c-8da2-034c-fac4-c9abc6dc61ca" executionId="f702fdfc-f3f9-4d94-b45d-d68956970cef" testListId="8c84fa94-04c1-424b-9868-57a2d4851a1d" />
    <TestEntry testId="1b89d63c-02df-85c6-6cb4-2bf505946bc5" executionId="a15e0ccb-f254-40e5-b351-fd77cecead4a" testListId="8c84fa94-04c1-424b-9868-57a2d4851a1d" />
    <TestEntry testId="9bf54e85-f8f9-f66b-8246-5c2b4fabe865" executionId="1bec6727-d6d1-4d4a-8bb9-0d2069d342ec" testListId="8c84fa94-04c1-424b-9868-57a2d4851a1d" />
    <TestEntry testId="3083bc32-b243-52cb-86ac-afa7d1f702c6" executionId="02edc765-8c57-43ad-b684-d28857d84bf7" testListId="8c84fa94-04c1-424b-9868-57a2d4851a1d" />
    <TestEntry testId="3f350ca0-8d2b-6db1-3722-22f5a4805299" executionId="f103372a-2758-48ea-9956-2f17ad8f80fa" testListId="8c84fa94-04c1-424b-9868-57a2d4851a1d" />
    <TestEntry testId="09095067-82d1-cf31-1174-ca4966a22b1f" executionId="f3cad4b7-2a12-4a3a-b44a-764322f9e591" testListId="8c84fa94-04c1-424b-9868-57a2d4851a1d" />
    <TestEntry testId="7a2cc7d0-9e4a-2aec-8855-f17571804236" executionId="3e1e3d90-fa4d-4e23-9f39-10d4f1f7c673" testListId="8c84fa94-04c1-424b-9868-57a2d4851a1d" />
    <TestEntry testId="0af88539-60e8-7320-4393-62ec37fe399f" executionId="a22bf08c-f5a2-464e-a062-e61c93249d95" testListId="8c84fa94-04c1-424b-9868-57a2d4851a1d" />
    <TestEntry testId="e454d995-e742-f709-6dc7-80d89e1f7424" executionId="be2df282-c866-4c12-ab23-480b3c56a856" testListId="8c84fa94-04c1-424b-9868-57a2d4851a1d" />
  </TestEntries>
  <Results>
    <UnitTestResult executionId="c5471813-0da4-4936-90f9-f4849b5648a3" testId="5390761e-f4e7-72d0-1f79-0ff7571f7466" testName="NewQueueShouldBeEmpty" computerName="EXSL78007" duration="00:00:00.0139252" startTime="2010-11-08T16:56:00.2218150+01:00" endTime="2010-11-08T16:56:00.5278325+01:00" testType="13cdc9d9-ddb5-4fa4-a97d-d965ccfc6d4b" outcome="Passed" testListId="8c84fa94-04c1-424b-9868-57a2d4851a1d" relativeResultsDirectory="c5471813-0da4-4936-90f9-f4849b5648a3">
    </UnitTestResult>
    <UnitTestResult executionId="f702fdfc-f3f9-4d94-b45d-d68956970cef" testId="8b31410c-8da2-034c-fac4-c9abc6dc61ca" testName="NewQueueRaisesExceptionOnDequeue" computerName="EXSL78007" duration="00:00:00.0006792" startTime="2010-11-08T16:56:00.5338328+01:00" endTime="2010-11-08T16:56:00.5398332+01:00" testType="13cdc9d9-ddb5-4fa4-a97d-d965ccfc6d4b" outcome="Passed" testListId="8c84fa94-04c1-424b-9868-57a2d4851a1d" relativeResultsDirectory="f702fdfc-f3f9-4d94-b45d-d68956970cef">
    </UnitTestResult>
    <UnitTestResult executionId="a15e0ccb-f254-40e5-b351-fd77cecead4a" testId="1b89d63c-02df-85c6-6cb4-2bf505946bc5" testName="NewQueueShouldBeAbleToEnqueueItems" computerName="EXSL78007" duration="00:00:00.0004506" startTime="2010-11-08T16:56:00.5448335+01:00" endTime="2010-11-08T16:56:00.5508338+01:00" testType="13cdc9d9-ddb5-4fa4-a97d-d965ccfc6d4b" outcome="Passed" testListId="8c84fa94-04c1-424b-9868-57a2d4851a1d" relativeResultsDirectory="a15e0ccb-f254-40e5-b351-fd77cecead4a">
    </UnitTestResult>
    <UnitTestResult executionId="1bec6727-d6d1-4d4a-8bb9-0d2069d342ec" testId="9bf54e85-f8f9-f66b-8246-5c2b4fabe865" testName="AQueueWithOneItemShouldNotBeEmpty" computerName="EXSL78007" duration="00:00:00.0002404" startTime="2010-11-08T16:56:00.5558341+01:00" endTime="2010-11-08T16:56:00.5618344+01:00" testType="13cdc9d9-ddb5-4fa4-a97d-d965ccfc6d4b" outcome="Passed" testListId="8c84fa94-04c1-424b-9868-57a2d4851a1d" relativeResultsDirectory="1bec6727-d6d1-4d4a-8bb9-0d2069d342ec">
    </UnitTestResult>
    <UnitTestResult executionId="02edc765-8c57-43ad-b684-d28857d84bf7" testId="3083bc32-b243-52cb-86ac-afa7d1f702c6" testName="AQueueWithOneItem_DequeueShouldReturnTheItem" computerName="EXSL78007" duration="00:00:00.0003393" startTime="2010-11-08T16:56:00.5668347+01:00" endTime="2010-11-08T16:56:00.5718350+01:00" testType="13cdc9d9-ddb5-4fa4-a97d-d965ccfc6d4b" outcome="Passed" testListId="8c84fa94-04c1-424b-9868-57a2d4851a1d" relativeResultsDirectory="02edc765-8c57-43ad-b684-d28857d84bf7">
    </UnitTestResult>
    <UnitTestResult executionId="f103372a-2758-48ea-9956-2f17ad8f80fa" testId="3f350ca0-8d2b-6db1-3722-22f5a4805299" testName="AQueueWithOneItem_AfterDequeueItShouldBeEmpty" computerName="EXSL78007" duration="00:00:00.0001853" startTime="2010-11-08T16:56:00.5758352+01:00" endTime="2010-11-08T16:56:00.5818356+01:00" testType="13cdc9d9-ddb5-4fa4-a97d-d965ccfc6d4b" outcome="Passed" testListId="8c84fa94-04c1-424b-9868-57a2d4851a1d" relativeResultsDirectory="f103372a-2758-48ea-9956-2f17ad8f80fa">
    </UnitTestResult>
    <UnitTestResult executionId="f3cad4b7-2a12-4a3a-b44a-764322f9e591" testId="09095067-82d1-cf31-1174-ca4966a22b1f" testName="AQueueWithTwoItemsShouldNotBeEmpty" computerName="EXSL78007" duration="00:00:00.0001776" startTime="2010-11-08T16:56:00.5858358+01:00" endTime="2010-11-08T16:56:00.5918362+01:00" testType="13cdc9d9-ddb5-4fa4-a97d-d965ccfc6d4b" outcome="Passed" testListId="8c84fa94-04c1-424b-9868-57a2d4851a1d" relativeResultsDirectory="f3cad4b7-2a12-4a3a-b44a-764322f9e591">
    </UnitTestResult>
    <UnitTestResult executionId="3e1e3d90-fa4d-4e23-9f39-10d4f1f7c673" testId="7a2cc7d0-9e4a-2aec-8855-f17571804236" testName="AQueueWithTwoItems_AfterFirstDequeue_ShouldNotBeEmpty" computerName="EXSL78007" duration="00:00:00.0001830" startTime="2010-11-08T16:56:00.5968364+01:00" endTime="2010-11-08T16:56:00.6018367+01:00" testType="13cdc9d9-ddb5-4fa4-a97d-d965ccfc6d4b" outcome="Passed" testListId="8c84fa94-04c1-424b-9868-57a2d4851a1d" relativeResultsDirectory="3e1e3d90-fa4d-4e23-9f39-10d4f1f7c673">
    </UnitTestResult>
    <UnitTestResult executionId="a22bf08c-f5a2-464e-a062-e61c93249d95" testId="0af88539-60e8-7320-4393-62ec37fe399f" testName="AQueueWithTwoItems_FirstDequeueShouldReturnFirstItemEnqueued" computerName="EXSL78007" duration="00:00:00.0001983" startTime="2010-11-08T16:56:00.6058370+01:00" endTime="2010-11-08T16:56:00.6118373+01:00" testType="13cdc9d9-ddb5-4fa4-a97d-d965ccfc6d4b" outcome="Passed" testListId="8c84fa94-04c1-424b-9868-57a2d4851a1d" relativeResultsDirectory="a22bf08c-f5a2-464e-a062-e61c93249d95">
    </UnitTestResult>
    <UnitTestResult executionId="be2df282-c866-4c12-ab23-480b3c56a856" testId="e454d995-e742-f709-6dc7-80d89e1f7424" testName="AQueueWithTwoItems_SecondDequeueShouldReturnSecondItemEnqueued" computerName="EXSL78007" duration="00:00:00.0002132" startTime="2010-11-08T16:56:00.6158375+01:00" endTime="2010-11-08T16:56:00.6208378+01:00" testType="13cdc9d9-ddb5-4fa4-a97d-d965ccfc6d4b" outcome="Passed" testListId="8c84fa94-04c1-424b-9868-57a2d4851a1d" relativeResultsDirectory="be2df282-c866-4c12-ab23-480b3c56a856">
    </UnitTestResult>
  </Results>
</TestRun>