<?xml version="1.0" encoding="UTF-8"?>
<TestRun id="6a296bb3-d920-4155-838c-792ec7968204" name="talbaer@EXSL78007 2010-11-08 17:07:53" runUser="ICONOS\talbaer" xmlns="http://microsoft.com/schemas/VisualStudio/TeamTest/2010">
  <TestSettings name="Local" id="efabca74-4cef-4eff-90d1-fc170b2b93fe">
    <Description>These are default test settings for a local test run.</Description>
    <Deployment enabled="false" runDeploymentRoot="talbaer_EXSL78007 2010-11-08 17_07_53" />
    <Execution>
      <TestTypeSpecific />
      <AgentRule name="Execution Agents">
      </AgentRule>
    </Execution>
  </TestSettings>
  <Times creation="2010-11-08T17:07:53.9416374+01:00" queuing="2010-11-08T17:07:54.0016409+01:00" start="2010-11-08T17:07:54.0246422+01:00" finish="2010-11-08T17:07:54.6476778+01:00" />
  <ResultSummary outcome="Failed">
    <Counters total="13" executed="13" passed="5" error="0" failed="8" timeout="0" aborted="0" inconclusive="0" passedButRunAborted="0" notRunnable="0" notExecuted="0" disconnected="0" warning="0" completed="0" inProgress="0" pending="0" />
  </ResultSummary>
  <TestDefinitions>
    <UnitTest name="NewQueueShouldBeEmpty" storage="c:\users\talbaer\documents\visual studio 2010\projects\queue\queue\bin\debug\queuebehavior.dll" id="5390761e-f4e7-72d0-1f79-0ff7571f7466">
      <Execution id="1a47f966-5c89-4f9c-8c2f-1af487675b7e" />
      <TestMethod codeBase="C:/Users/talbaer/Documents/Visual Studio 2010/Projects/Queue/Queue/bin/Debug/QueueBehavior.DLL" adapterTypeName="Microsoft.VisualStudio.TestTools.TestTypes.Unit.UnitTestAdapter, Microsoft.VisualStudio.QualityTools.Tips.UnitTest.Adapter, Version=10.0.0.0, Culture=neutral, PublicKeyToken=b03f5f7f11d50a3a" className="QueueBehavior.QueueTests, QueueBehavior, Version=1.0.0.0, Culture=neutral, PublicKeyToken=null" name="NewQueueShouldBeEmpty" />
    </UnitTest>
    <UnitTest name="AQueueWithThreeItem_SecondDequeueShouldReturnSecondItemEnqueued" storage="c:\users\talbaer\documents\visual studio 2010\projects\queue\queue\bin\debug\queuebehavior.dll" id="4eaf4d53-ea1c-bcae-4a59-a4ae2f9baeb2">
      <Execution id="c3788aac-df36-4fd2-87f6-8046fd14ac4a" />
      <TestMethod codeBase="C:/Users/talbaer/Documents/Visual Studio 2010/Projects/Queue/Queue/bin/Debug/QueueBehavior.DLL" adapterTypeName="Microsoft.VisualStudio.TestTools.TestTypes.Unit.UnitTestAdapter, Microsoft.VisualStudio.QualityTools.Tips.UnitTest.Adapter, Version=10.0.0.0, Culture=neutral, PublicKeyToken=b03f5f7f11d50a3a" className="QueueBehavior.QueueTests, QueueBehavior, Version=1.0.0.0, Culture=neutral, PublicKeyToken=null" name="AQueueWithThreeItem_SecondDequeueShouldReturnSecondItemEnqueued" />
    </UnitTest>
    <UnitTest name="AQueueWithOneItemShouldNotBeEmpty" storage="c:\users\talbaer\documents\visual studio 2010\projects\queue\queue\bin\debug\queuebehavior.dll" id="9bf54e85-f8f9-f66b-8246-5c2b4fabe865">
      <Execution id="d4918b48-41e0-4b5c-bbc6-6a324722e2ff" />
      <TestMethod codeBase="C:/Users/talbaer/Documents/Visual Studio 2010/Projects/Queue/Queue/bin/Debug/QueueBehavior.DLL" adapterTypeName="Microsoft.VisualStudio.TestTools.TestTypes.Unit.UnitTestAdapter, Microsoft.VisualStudio.QualityTools.Tips.UnitTest.Adapter, Version=10.0.0.0, Culture=neutral, PublicKeyToken=b03f5f7f11d50a3a" className="QueueBehavior.QueueTests, QueueBehavior, Version=1.0.0.0, Culture=neutral, PublicKeyToken=null" name="AQueueWithOneItemShouldNotBeEmpty" />
    </UnitTest>
    <UnitTest name="AQueueWithTwoItems_FirstDequeueShouldReturnFirstItemEnqueued" storage="c:\users\talbaer\documents\visual studio 2010\projects\queue\queue\bin\debug\queuebehavior.dll" id="0af88539-60e8-7320-4393-62ec37fe399f">
      <Execution id="70c561e3-81f4-4d37-b288-732bc8b1f53d" />
      <TestMethod codeBase="C:/Users/talbaer/Documents/Visual Studio 2010/Projects/Queue/Queue/bin/Debug/QueueBehavior.DLL" adapterTypeName="Microsoft.VisualStudio.TestTools.TestTypes.Unit.UnitTestAdapter, Microsoft.VisualStudio.QualityTools.Tips.UnitTest.Adapter, Version=10.0.0.0, Culture=neutral, PublicKeyToken=b03f5f7f11d50a3a" className="QueueBehavior.QueueTests, QueueBehavior, Version=1.0.0.0, Culture=neutral, PublicKeyToken=null" name="AQueueWithTwoItems_FirstDequeueShouldReturnFirstItemEnqueued" />
    </UnitTest>
    <UnitTest name="AQueueWithTwoItems_AfterFirstDequeue_ShouldNotBeEmpty" storage="c:\users\talbaer\documents\visual studio 2010\projects\queue\queue\bin\debug\queuebehavior.dll" id="7a2cc7d0-9e4a-2aec-8855-f17571804236">
      <Execution id="1de9ee87-3098-4b18-b68d-d078d5f8950a" />
      <TestMethod codeBase="C:/Users/talbaer/Documents/Visual Studio 2010/Projects/Queue/Queue/bin/Debug/QueueBehavior.DLL" adapterTypeName="Microsoft.VisualStudio.TestTools.TestTypes.Unit.UnitTestAdapter, Microsoft.VisualStudio.QualityTools.Tips.UnitTest.Adapter, Version=10.0.0.0, Culture=neutral, PublicKeyToken=b03f5f7f11d50a3a" className="QueueBehavior.QueueTests, QueueBehavior, Version=1.0.0.0, Culture=neutral, PublicKeyToken=null" name="AQueueWithTwoItems_AfterFirstDequeue_ShouldNotBeEmpty" />
    </UnitTest>
    <UnitTest name="NewQueueRaisesExceptionOnDequeue" storage="c:\users\talbaer\documents\visual studio 2010\projects\queue\queue\bin\debug\queuebehavior.dll" id="8b31410c-8da2-034c-fac4-c9abc6dc61ca">
      <Execution id="f965d5c8-428a-4a9b-93dd-d93378445afb" />
      <TestMethod codeBase="C:/Users/talbaer/Documents/Visual Studio 2010/Projects/Queue/Queue/bin/Debug/QueueBehavior.DLL" adapterTypeName="Microsoft.VisualStudio.TestTools.TestTypes.Unit.UnitTestAdapter, Microsoft.VisualStudio.QualityTools.Tips.UnitTest.Adapter, Version=10.0.0.0, Culture=neutral, PublicKeyToken=b03f5f7f11d50a3a" className="QueueBehavior.QueueTests, QueueBehavior, Version=1.0.0.0, Culture=neutral, PublicKeyToken=null" name="NewQueueRaisesExceptionOnDequeue" />
    </UnitTest>
    <UnitTest name="AQueueWithOneItem_AfterDequeueItShouldBeEmpty" storage="c:\users\talbaer\documents\visual studio 2010\projects\queue\queue\bin\debug\queuebehavior.dll" id="3f350ca0-8d2b-6db1-3722-22f5a4805299">
      <Execution id="5e98a2fe-98b5-4cf9-a629-f6d139d3cb88" />
      <TestMethod codeBase="C:/Users/talbaer/Documents/Visual Studio 2010/Projects/Queue/Queue/bin/Debug/QueueBehavior.DLL" adapterTypeName="Microsoft.VisualStudio.TestTools.TestTypes.Unit.UnitTestAdapter, Microsoft.VisualStudio.QualityTools.Tips.UnitTest.Adapter, Version=10.0.0.0, Culture=neutral, PublicKeyToken=b03f5f7f11d50a3a" className="QueueBehavior.QueueTests, QueueBehavior, Version=1.0.0.0, Culture=neutral, PublicKeyToken=null" name="AQueueWithOneItem_AfterDequeueItShouldBeEmpty" />
    </UnitTest>
    <UnitTest name="AQueueWithTwoItems_SecondDequeueShouldReturnSecondItemEnqueued" storage="c:\users\talbaer\documents\visual studio 2010\projects\queue\queue\bin\debug\queuebehavior.dll" id="e454d995-e742-f709-6dc7-80d89e1f7424">
      <Execution id="c30479cb-5bf8-48b0-8a54-8c556786cee9" />
      <TestMethod codeBase="C:/Users/talbaer/Documents/Visual Studio 2010/Projects/Queue/Queue/bin/Debug/QueueBehavior.DLL" adapterTypeName="Microsoft.VisualStudio.TestTools.TestTypes.Unit.UnitTestAdapter, Microsoft.VisualStudio.QualityTools.Tips.UnitTest.Adapter, Version=10.0.0.0, Culture=neutral, PublicKeyToken=b03f5f7f11d50a3a" className="QueueBehavior.QueueTests, QueueBehavior, Version=1.0.0.0, Culture=neutral, PublicKeyToken=null" name="AQueueWithTwoItems_SecondDequeueShouldReturnSecondItemEnqueued" />
    </UnitTest>
    <UnitTest name="AQueueWithOneItem_DequeueShouldReturnTheItem" storage="c:\users\talbaer\documents\visual studio 2010\projects\queue\queue\bin\debug\queuebehavior.dll" id="3083bc32-b243-52cb-86ac-afa7d1f702c6">
      <Execution id="551184d1-ee3e-4bca-8640-d3eca39e2eea" />
      <TestMethod codeBase="C:/Users/talbaer/Documents/Visual Studio 2010/Projects/Queue/Queue/bin/Debug/QueueBehavior.DLL" adapterTypeName="Microsoft.VisualStudio.TestTools.TestTypes.Unit.UnitTestAdapter, Microsoft.VisualStudio.QualityTools.Tips.UnitTest.Adapter, Version=10.0.0.0, Culture=neutral, PublicKeyToken=b03f5f7f11d50a3a" className="QueueBehavior.QueueTests, QueueBehavior, Version=1.0.0.0, Culture=neutral, PublicKeyToken=null" name="AQueueWithOneItem_DequeueShouldReturnTheItem" />
    </UnitTest>
    <UnitTest name="AQueueWithTwoItems_AfterSecondDequeue_ShouldBeEmpty" storage="c:\users\talbaer\documents\visual studio 2010\projects\queue\queue\bin\debug\queuebehavior.dll" id="da73b1bf-08c7-e690-3dc6-ed819864f63d">
      <Execution id="9a2fc8ff-869f-4df4-9d75-74673ef19dbd" />
      <TestMethod codeBase="C:/Users/talbaer/Documents/Visual Studio 2010/Projects/Queue/Queue/bin/Debug/QueueBehavior.DLL" adapterTypeName="Microsoft.VisualStudio.TestTools.TestTypes.Unit.UnitTestAdapter, Microsoft.VisualStudio.QualityTools.Tips.UnitTest.Adapter, Version=10.0.0.0, Culture=neutral, PublicKeyToken=b03f5f7f11d50a3a" className="QueueBehavior.QueueTests, QueueBehavior, Version=1.0.0.0, Culture=neutral, PublicKeyToken=null" name="AQueueWithTwoItems_AfterSecondDequeue_ShouldBeEmpty" />
    </UnitTest>
    <UnitTest name="AQueueWithTwoItemsShouldNotBeEmpty" storage="c:\users\talbaer\documents\visual studio 2010\projects\queue\queue\bin\debug\queuebehavior.dll" id="09095067-82d1-cf31-1174-ca4966a22b1f">
      <Execution id="541f2545-db6c-4a12-aa2b-48fdc2ae1176" />
      <TestMethod codeBase="C:/Users/talbaer/Documents/Visual Studio 2010/Projects/Queue/Queue/bin/Debug/QueueBehavior.DLL" adapterTypeName="Microsoft.VisualStudio.TestTools.TestTypes.Unit.UnitTestAdapter, Microsoft.VisualStudio.QualityTools.Tips.UnitTest.Adapter, Version=10.0.0.0, Culture=neutral, PublicKeyToken=b03f5f7f11d50a3a" className="QueueBehavior.QueueTests, QueueBehavior, Version=1.0.0.0, Culture=neutral, PublicKeyToken=null" name="AQueueWithTwoItemsShouldNotBeEmpty" />
    </UnitTest>
    <UnitTest name="NewQueueShouldBeAbleToEnqueueItems" storage="c:\users\talbaer\documents\visual studio 2010\projects\queue\queue\bin\debug\queuebehavior.dll" id="1b89d63c-02df-85c6-6cb4-2bf505946bc5">
      <Execution id="c695a340-e7da-466f-b97c-7d7b718e3e99" />
      <TestMethod codeBase="C:/Users/talbaer/Documents/Visual Studio 2010/Projects/Queue/Queue/bin/Debug/QueueBehavior.DLL" adapterTypeName="Microsoft.VisualStudio.TestTools.TestTypes.Unit.UnitTestAdapter, Microsoft.VisualStudio.QualityTools.Tips.UnitTest.Adapter, Version=10.0.0.0, Culture=neutral, PublicKeyToken=b03f5f7f11d50a3a" className="QueueBehavior.QueueTests, QueueBehavior, Version=1.0.0.0, Culture=neutral, PublicKeyToken=null" name="NewQueueShouldBeAbleToEnqueueItems" />
    </UnitTest>
    <UnitTest name="AQueueWithThreeItems_FirstDequeueShouldReturnFirstItemEnqueued" storage="c:\users\talbaer\documents\visual studio 2010\projects\queue\queue\bin\debug\queuebehavior.dll" id="39ba04e9-b01d-fea8-b034-51a216e301d0">
      <Execution id="3a804592-2394-46e8-aa0a-81e51e71115a" />
      <TestMethod codeBase="C:/Users/talbaer/Documents/Visual Studio 2010/Projects/Queue/Queue/bin/Debug/QueueBehavior.DLL" adapterTypeName="Microsoft.VisualStudio.TestTools.TestTypes.Unit.UnitTestAdapter, Microsoft.VisualStudio.QualityTools.Tips.UnitTest.Adapter, Version=10.0.0.0, Culture=neutral, PublicKeyToken=b03f5f7f11d50a3a" className="QueueBehavior.QueueTests, QueueBehavior, Version=1.0.0.0, Culture=neutral, PublicKeyToken=null" name="AQueueWithThreeItems_FirstDequeueShouldReturnFirstItemEnqueued" />
    </UnitTest>
  </TestDefinitions>
  <TestLists>
    <TestList name="Results Not in a List" id="8c84fa94-04c1-424b-9868-57a2d4851a1d" />
    <TestList name="All Loaded Results" id="19431567-8539-422a-85d7-44ee4e166bda" />
  </TestLists>
  <TestEntries>
    <TestEntry testId="5390761e-f4e7-72d0-1f79-0ff7571f7466" executionId="1a47f966-5c89-4f9c-8c2f-1af487675b7e" testListId="8c84fa94-04c1-424b-9868-57a2d4851a1d" />
    <TestEntry testId="8b31410c-8da2-034c-fac4-c9abc6dc61ca" executionId="f965d5c8-428a-4a9b-93dd-d93378445afb" testListId="8c84fa94-04c1-424b-9868-57a2d4851a1d" />
    <TestEntry testId="1b89d63c-02df-85c6-6cb4-2bf505946bc5" executionId="c695a340-e7da-466f-b97c-7d7b718e3e99" testListId="8c84fa94-04c1-424b-9868-57a2d4851a1d" />
    <TestEntry testId="9bf54e85-f8f9-f66b-8246-5c2b4fabe865" executionId="d4918b48-41e0-4b5c-bbc6-6a324722e2ff" testListId="8c84fa94-04c1-424b-9868-57a2d4851a1d" />
    <TestEntry testId="3083bc32-b243-52cb-86ac-afa7d1f702c6" executionId="551184d1-ee3e-4bca-8640-d3eca39e2eea" testListId="8c84fa94-04c1-424b-9868-57a2d4851a1d" />
    <TestEntry testId="3f350ca0-8d2b-6db1-3722-22f5a4805299" executionId="5e98a2fe-98b5-4cf9-a629-f6d139d3cb88" testListId="8c84fa94-04c1-424b-9868-57a2d4851a1d" />
    <TestEntry testId="09095067-82d1-cf31-1174-ca4966a22b1f" executionId="541f2545-db6c-4a12-aa2b-48fdc2ae1176" testListId="8c84fa94-04c1-424b-9868-57a2d4851a1d" />
    <TestEntry testId="7a2cc7d0-9e4a-2aec-8855-f17571804236" executionId="1de9ee87-3098-4b18-b68d-d078d5f8950a" testListId="8c84fa94-04c1-424b-9868-57a2d4851a1d" />
    <TestEntry testId="0af88539-60e8-7320-4393-62ec37fe399f" executionId="70c561e3-81f4-4d37-b288-732bc8b1f53d" testListId="8c84fa94-04c1-424b-9868-57a2d4851a1d" />
    <TestEntry testId="e454d995-e742-f709-6dc7-80d89e1f7424" executionId="c30479cb-5bf8-48b0-8a54-8c556786cee9" testListId="8c84fa94-04c1-424b-9868-57a2d4851a1d" />
    <TestEntry testId="da73b1bf-08c7-e690-3dc6-ed819864f63d" executionId="9a2fc8ff-869f-4df4-9d75-74673ef19dbd" testListId="8c84fa94-04c1-424b-9868-57a2d4851a1d" />
    <TestEntry testId="39ba04e9-b01d-fea8-b034-51a216e301d0" executionId="3a804592-2394-46e8-aa0a-81e51e71115a" testListId="8c84fa94-04c1-424b-9868-57a2d4851a1d" />
    <TestEntry testId="4eaf4d53-ea1c-bcae-4a59-a4ae2f9baeb2" executionId="c3788aac-df36-4fd2-87f6-8046fd14ac4a" testListId="8c84fa94-04c1-424b-9868-57a2d4851a1d" />
  </TestEntries>
  <Results>
    <UnitTestResult executionId="1a47f966-5c89-4f9c-8c2f-1af487675b7e" testId="5390761e-f4e7-72d0-1f79-0ff7571f7466" testName="NewQueueShouldBeEmpty" computerName="EXSL78007" duration="00:00:00.0180110" startTime="2010-11-08T17:07:54.0316426+01:00" endTime="2010-11-08T17:07:54.3646616+01:00" testType="13cdc9d9-ddb5-4fa4-a97d-d965ccfc6d4b" outcome="Passed" testListId="8c84fa94-04c1-424b-9868-57a2d4851a1d" relativeResultsDirectory="1a47f966-5c89-4f9c-8c2f-1af487675b7e">
    </UnitTestResult>
    <UnitTestResult executionId="f965d5c8-428a-4a9b-93dd-d93378445afb" testId="8b31410c-8da2-034c-fac4-c9abc6dc61ca" testName="NewQueueRaisesExceptionOnDequeue" computerName="EXSL78007" duration="00:00:00.0007171" startTime="2010-11-08T17:07:54.3696619+01:00" endTime="2010-11-08T17:07:54.3756623+01:00" testType="13cdc9d9-ddb5-4fa4-a97d-d965ccfc6d4b" outcome="Passed" testListId="8c84fa94-04c1-424b-9868-57a2d4851a1d" relativeResultsDirectory="f965d5c8-428a-4a9b-93dd-d93378445afb">
    </UnitTestResult>
    <UnitTestResult executionId="c695a340-e7da-466f-b97c-7d7b718e3e99" testId="1b89d63c-02df-85c6-6cb4-2bf505946bc5" testName="NewQueueShouldBeAbleToEnqueueItems" computerName="EXSL78007" duration="00:00:00.0006656" startTime="2010-11-08T17:07:54.3806625+01:00" endTime="2010-11-08T17:07:54.3876629+01:00" testType="13cdc9d9-ddb5-4fa4-a97d-d965ccfc6d4b" outcome="Passed" testListId="8c84fa94-04c1-424b-9868-57a2d4851a1d" relativeResultsDirectory="c695a340-e7da-466f-b97c-7d7b718e3e99">
    </UnitTestResult>
    <UnitTestResult executionId="d4918b48-41e0-4b5c-bbc6-6a324722e2ff" testId="9bf54e85-f8f9-f66b-8246-5c2b4fabe865" testName="AQueueWithOneItemShouldNotBeEmpty" computerName="EXSL78007" duration="00:00:00.0002576" startTime="2010-11-08T17:07:54.3936633+01:00" endTime="2010-11-08T17:07:54.3996636+01:00" testType="13cdc9d9-ddb5-4fa4-a97d-d965ccfc6d4b" outcome="Passed" testListId="8c84fa94-04c1-424b-9868-57a2d4851a1d" relativeResultsDirectory="d4918b48-41e0-4b5c-bbc6-6a324722e2ff">
    </UnitTestResult>
    <UnitTestResult executionId="551184d1-ee3e-4bca-8640-d3eca39e2eea" testId="3083bc32-b243-52cb-86ac-afa7d1f702c6" testName="AQueueWithOneItem_DequeueShouldReturnTheItem" computerName="EXSL78007" duration="00:00:00.0718364" startTime="2010-11-08T17:07:54.4046639+01:00" endTime="2010-11-08T17:07:54.4826684+01:00" testType="13cdc9d9-ddb5-4fa4-a97d-d965ccfc6d4b" outcome="Failed" testListId="8c84fa94-04c1-424b-9868-57a2d4851a1d" relativeResultsDirectory="551184d1-ee3e-4bca-8640-d3eca39e2eea">
      <Output>
        <ErrorInfo>
          <Message>Test method QueueBehavior.QueueTests.AQueueWithOneItem_DequeueShouldReturnTheItem threw exception: 
System.InvalidOperationException: Nullable object must have a value.</Message>
          <StackTrace>    at System.ThrowHelper.ThrowInvalidOperationException(ExceptionResource resource)
   at System.Nullable`1.get_Value()
   at QueueBehavior.Queue.Dequeue() in C:\Users\talbaer\Documents\Visual Studio 2010\Projects\Queue\Queue\Queue.cs:line 31
   at QueueBehavior.QueueTests.AQueueWithOneItem_DequeueShouldReturnTheItem() in C:\Users\talbaer\Documents\Visual Studio 2010\Projects\Queue\Queue\QueueTests.cs:line 85
</StackTrace>
        </ErrorInfo>
      </Output>
    </UnitTestResult>
    <UnitTestResult executionId="5e98a2fe-98b5-4cf9-a629-f6d139d3cb88" testId="3f350ca0-8d2b-6db1-3722-22f5a4805299" testName="AQueueWithOneItem_AfterDequeueItShouldBeEmpty" computerName="EXSL78007" duration="00:00:00.0017222" startTime="2010-11-08T17:07:54.4876687+01:00" endTime="2010-11-08T17:07:54.4956691+01:00" testType="13cdc9d9-ddb5-4fa4-a97d-d965ccfc6d4b" outcome="Failed" testListId="8c84fa94-04c1-424b-9868-57a2d4851a1d" relativeResultsDirectory="5e98a2fe-98b5-4cf9-a629-f6d139d3cb88">
      <Output>
        <ErrorInfo>
          <Message>Test method QueueBehavior.QueueTests.AQueueWithOneItem_AfterDequeueItShouldBeEmpty threw exception: 
System.InvalidOperationException: Nullable object must have a value.</Message>
          <StackTrace>    at System.ThrowHelper.ThrowInvalidOperationException(ExceptionResource resource)
   at System.Nullable`1.get_Value()
   at QueueBehavior.Queue.Dequeue() in C:\Users\talbaer\Documents\Visual Studio 2010\Projects\Queue\Queue\Queue.cs:line 31
   at QueueBehavior.QueueTests.AQueueWithOneItem_AfterDequeueItShouldBeEmpty() in C:\Users\talbaer\Documents\Visual Studio 2010\Projects\Queue\Queue\QueueTests.cs:line 93
</StackTrace>
        </ErrorInfo>
      </Output>
    </UnitTestResult>
    <UnitTestResult executionId="541f2545-db6c-4a12-aa2b-48fdc2ae1176" testId="09095067-82d1-cf31-1174-ca4966a22b1f" testName="AQueueWithTwoItemsShouldNotBeEmpty" computerName="EXSL78007" duration="00:00:00.0002641" startTime="2010-11-08T17:07:54.4996694+01:00" endTime="2010-11-08T17:07:54.5066698+01:00" testType="13cdc9d9-ddb5-4fa4-a97d-d965ccfc6d4b" outcome="Passed" testListId="8c84fa94-04c1-424b-9868-57a2d4851a1d" relativeResultsDirectory="541f2545-db6c-4a12-aa2b-48fdc2ae1176">
    </UnitTestResult>
    <UnitTestResult executionId="1de9ee87-3098-4b18-b68d-d078d5f8950a" testId="7a2cc7d0-9e4a-2aec-8855-f17571804236" testName="AQueueWithTwoItems_AfterFirstDequeue_ShouldNotBeEmpty" computerName="EXSL78007" duration="00:00:00.0016476" startTime="2010-11-08T17:07:54.5106700+01:00" endTime="2010-11-08T17:07:54.5176704+01:00" testType="13cdc9d9-ddb5-4fa4-a97d-d965ccfc6d4b" outcome="Failed" testListId="8c84fa94-04c1-424b-9868-57a2d4851a1d" relativeResultsDirectory="1de9ee87-3098-4b18-b68d-d078d5f8950a">
      <Output>
        <ErrorInfo>
          <Message>Test method QueueBehavior.QueueTests.AQueueWithTwoItems_AfterFirstDequeue_ShouldNotBeEmpty threw exception: 
System.InvalidOperationException: Nullable object must have a value.</Message>
          <StackTrace>    at System.ThrowHelper.ThrowInvalidOperationException(ExceptionResource resource)
   at System.Nullable`1.get_Value()
   at QueueBehavior.Queue.Dequeue() in C:\Users\talbaer\Documents\Visual Studio 2010\Projects\Queue\Queue\Queue.cs:line 31
   at QueueBehavior.QueueTests.AQueueWithTwoItems_AfterFirstDequeue_ShouldNotBeEmpty() in C:\Users\talbaer\Documents\Visual Studio 2010\Projects\Queue\Queue\QueueTests.cs:line 121
</StackTrace>
        </ErrorInfo>
      </Output>
    </UnitTestResult>
    <UnitTestResult executionId="70c561e3-81f4-4d37-b288-732bc8b1f53d" testId="0af88539-60e8-7320-4393-62ec37fe399f" testName="AQueueWithTwoItems_FirstDequeueShouldReturnFirstItemEnqueued" computerName="EXSL78007" duration="00:00:00.0016185" startTime="2010-11-08T17:07:54.5226707+01:00" endTime="2010-11-08T17:07:54.5296711+01:00" testType="13cdc9d9-ddb5-4fa4-a97d-d965ccfc6d4b" outcome="Failed" testListId="8c84fa94-04c1-424b-9868-57a2d4851a1d" relativeResultsDirectory="70c561e3-81f4-4d37-b288-732bc8b1f53d">
      <Output>
        <ErrorInfo>
          <Message>Test method QueueBehavior.QueueTests.AQueueWithTwoItems_FirstDequeueShouldReturnFirstItemEnqueued threw exception: 
System.InvalidOperationException: Nullable object must have a value.</Message>
          <StackTrace>    at System.ThrowHelper.ThrowInvalidOperationException(ExceptionResource resource)
   at System.Nullable`1.get_Value()
   at QueueBehavior.Queue.Dequeue() in C:\Users\talbaer\Documents\Visual Studio 2010\Projects\Queue\Queue\Queue.cs:line 31
   at QueueBehavior.QueueTests.AQueueWithTwoItems_FirstDequeueShouldReturnFirstItemEnqueued() in C:\Users\talbaer\Documents\Visual Studio 2010\Projects\Queue\Queue\QueueTests.cs:line 112
</StackTrace>
        </ErrorInfo>
      </Output>
    </UnitTestResult>
    <UnitTestResult executionId="c30479cb-5bf8-48b0-8a54-8c556786cee9" testId="e454d995-e742-f709-6dc7-80d89e1f7424" testName="AQueueWithTwoItems_SecondDequeueShouldReturnSecondItemEnqueued" computerName="EXSL78007" duration="00:00:00.0016292" startTime="2010-11-08T17:07:54.5346714+01:00" endTime="2010-11-08T17:07:54.5416718+01:00" testType="13cdc9d9-ddb5-4fa4-a97d-d965ccfc6d4b" outcome="Failed" testListId="8c84fa94-04c1-424b-9868-57a2d4851a1d" relativeResultsDirectory="c30479cb-5bf8-48b0-8a54-8c556786cee9">
      <Output>
        <ErrorInfo>
          <Message>Test method QueueBehavior.QueueTests.AQueueWithTwoItems_SecondDequeueShouldReturnSecondItemEnqueued threw exception: 
System.InvalidOperationException: Nullable object must have a value.</Message>
          <StackTrace>    at System.ThrowHelper.ThrowInvalidOperationException(ExceptionResource resource)
   at System.Nullable`1.get_Value()
   at QueueBehavior.Queue.Dequeue() in C:\Users\talbaer\Documents\Visual Studio 2010\Projects\Queue\Queue\Queue.cs:line 31
   at QueueBehavior.QueueTests.AQueueWithTwoItems_SecondDequeueShouldReturnSecondItemEnqueued() in C:\Users\talbaer\Documents\Visual Studio 2010\Projects\Queue\Queue\QueueTests.cs:line 131
</StackTrace>
        </ErrorInfo>
      </Output>
    </UnitTestResult>
    <UnitTestResult executionId="9a2fc8ff-869f-4df4-9d75-74673ef19dbd" testId="da73b1bf-08c7-e690-3dc6-ed819864f63d" testName="AQueueWithTwoItems_AfterSecondDequeue_ShouldBeEmpty" computerName="EXSL78007" duration="00:00:00.0022540" startTime="2010-11-08T17:07:54.5476721+01:00" endTime="2010-11-08T17:07:54.5556726+01:00" testType="13cdc9d9-ddb5-4fa4-a97d-d965ccfc6d4b" outcome="Failed" testListId="8c84fa94-04c1-424b-9868-57a2d4851a1d" relativeResultsDirectory="9a2fc8ff-869f-4df4-9d75-74673ef19dbd">
      <Output>
        <ErrorInfo>
          <Message>Test method QueueBehavior.QueueTests.AQueueWithTwoItems_AfterSecondDequeue_ShouldBeEmpty threw exception: 
System.InvalidOperationException: Nullable object must have a value.</Message>
          <StackTrace>    at System.ThrowHelper.ThrowInvalidOperationException(ExceptionResource resource)
   at System.Nullable`1.get_Value()
   at QueueBehavior.Queue.Dequeue() in C:\Users\talbaer\Documents\Visual Studio 2010\Projects\Queue\Queue\Queue.cs:line 31
   at QueueBehavior.QueueTests.AQueueWithTwoItems_AfterSecondDequeue_ShouldBeEmpty() in C:\Users\talbaer\Documents\Visual Studio 2010\Projects\Queue\Queue\QueueTests.cs:line 141
</StackTrace>
        </ErrorInfo>
      </Output>
    </UnitTestResult>
    <UnitTestResult executionId="3a804592-2394-46e8-aa0a-81e51e71115a" testId="39ba04e9-b01d-fea8-b034-51a216e301d0" testName="AQueueWithThreeItems_FirstDequeueShouldReturnFirstItemEnqueued" computerName="EXSL78007" duration="00:00:00.0016138" startTime="2010-11-08T17:07:54.5606728+01:00" endTime="2010-11-08T17:07:54.5676732+01:00" testType="13cdc9d9-ddb5-4fa4-a97d-d965ccfc6d4b" outcome="Failed" testListId="8c84fa94-04c1-424b-9868-57a2d4851a1d" relativeResultsDirectory="3a804592-2394-46e8-aa0a-81e51e71115a">
      <Output>
        <ErrorInfo>
          <Message>Test method QueueBehavior.QueueTests.AQueueWithThreeItems_FirstDequeueShouldReturnFirstItemEnqueued threw exception: 
System.InvalidOperationException: Nullable object must have a value.</Message>
          <StackTrace>    at System.ThrowHelper.ThrowInvalidOperationException(ExceptionResource resource)
   at System.Nullable`1.get_Value()
   at QueueBehavior.Queue.Dequeue() in C:\Users\talbaer\Documents\Visual Studio 2010\Projects\Queue\Queue\Queue.cs:line 31
   at QueueBehavior.QueueTests.AQueueWithThreeItems_FirstDequeueShouldReturnFirstItemEnqueued() in C:\Users\talbaer\Documents\Visual Studio 2010\Projects\Queue\Queue\QueueTests.cs:line 153
</StackTrace>
        </ErrorInfo>
      </Output>
    </UnitTestResult>
    <UnitTestResult executionId="c3788aac-df36-4fd2-87f6-8046fd14ac4a" testId="4eaf4d53-ea1c-bcae-4a59-a4ae2f9baeb2" testName="AQueueWithThreeItem_SecondDequeueShouldReturnSecondItemEnqueued" computerName="EXSL78007" duration="00:00:00.0015972" startTime="2010-11-08T17:07:54.5726735+01:00" endTime="2010-11-08T17:07:54.5796739+01:00" testType="13cdc9d9-ddb5-4fa4-a97d-d965ccfc6d4b" outcome="Failed" testListId="8c84fa94-04c1-424b-9868-57a2d4851a1d" relativeResultsDirectory="c3788aac-df36-4fd2-87f6-8046fd14ac4a">
      <Output>
        <ErrorInfo>
          <Message>Test method QueueBehavior.QueueTests.AQueueWithThreeItem_SecondDequeueShouldReturnSecondItemEnqueued threw exception: 
System.InvalidOperationException: Nullable object must have a value.</Message>
          <StackTrace>    at System.ThrowHelper.ThrowInvalidOperationException(ExceptionResource resource)
   at System.Nullable`1.get_Value()
   at QueueBehavior.Queue.Dequeue() in C:\Users\talbaer\Documents\Visual Studio 2010\Projects\Queue\Queue\Queue.cs:line 31
   at QueueBehavior.QueueTests.AQueueWithThreeItem_SecondDequeueShouldReturnSecondItemEnqueued() in C:\Users\talbaer\Documents\Visual Studio 2010\Projects\Queue\Queue\QueueTests.cs:line 163
</StackTrace>
        </ErrorInfo>
      </Output>
    </UnitTestResult>
  </Results>
</TestRun>